Microsemi Libero Software
Version: 11.9.0.4
Release: v11.9

Created a new design.
'BA_NAME' set to 'code_1_g_ba'
'IDE_DESIGNERVIEW_NAME' set to 'Impl1'
'IDE_DESIGNERVIEW_COUNT' set to '1'
'IDE_DESIGNERVIEW_REV0' set to 'Impl1'
'IDE_DESIGNERVIEW_REVNUM0' set to '1'
'IDE_DESIGNERVIEW_ROOTDIR' set to 'D:\Trainee\APK\AHWR interlock\designer'
'IDE_DESIGNERVIEW_LASTREV' set to '1'
'DESDIR' set to 'D:/Trainee/APK/AHWR interlock/designer/impl1'
'BA_DIR' set to 'D:/Trainee/APK/AHWR interlock/designer/impl1'
'BA_NETLIST_ALSO' set to '1'
'EDNINFLAVOR' set to 'GENERIC'
'NETLIST_NAMING_STYLE' set to 'VHDL93'
'EXPORT_STATUS_REPORT' set to '1'
'EXPORT_STATUS_REPORT_FILENAME' set to 'code_1_g.rpt'
'AUDIT_NETLIST_FILE' set to '1'
'AUDIT_DCF_FILE' set to '1'
'AUDIT_PIN_FILE' set to '1'
'AUDIT_ADL_FILE' set to '1'

 Netlist Reading Time = 0.0 seconds
Imported the file:
   D:\Trainee\APK\AHWR interlock\synthesis\code_1_g.edn

The Import command succeeded ( 00:00:03 )
Design saved to file code_1_g.adb.
=====================================================================
Parameters used to run compile:
===============================

Family      : ProASIC3L
Device      : A3P600L
Package     : 484 FBGA
Source      : D:\Trainee\APK\AHWR interlock\synthesis\code_1_g.edn
Format      : EDIF
Topcell     : code_1_g
Speed grade : STD
Temp        : 0:25:70
Voltage     : 1.58:1.50:1.42

Keep Existing Physical Constraints : No
Keep Existing Timing Constraints   : Yes

pdc_abort_on_error                 : Yes
pdc_eco_display_unmatched_objects  : No
pdc_eco_max_warnings               : 10000

demote_globals                     : No
promote_globals                    : No
localclock_max_shared_instances    : 12
localclock_buffer_tree_max_fanout  : 12

combine_register                   : No
delete_buffer_tree                 : No

report_high_fanout_nets_limit      : 10

=====================================================================
Compile starts ...


Netlist Optimization Report
===========================

Optimized macros:
  - Dangling net drivers:   0
  - Buffers:                0
  - Inverters:              0
  - Tieoff:                 0
  - Logic combining:        0

    Total macros optimized  0

There were 0 error(s) and 0 warning(s) in this design.
=====================================================================
Compile report:
===============

    CORE                       Used:      1  Total:  13824   (0.01%)
    IO (W/ clocks)             Used:      4  Total:    235   (1.70%)
    Differential IO            Used:      0  Total:     60   (0.00%)
    GLOBAL (Chip+Quadrant)     Used:      0  Total:     18   (0.00%)
    PLL                        Used:      0  Total:      1   (0.00%)
    RAM/FIFO                   Used:      0  Total:     24   (0.00%)
    Low Static ICC             Used:      0  Total:      1   (0.00%)
    FlashROM                   Used:      0  Total:      1   (0.00%)
    User JTAG                  Used:      0  Total:      1   (0.00%)

Global Information:

    Type            | Used   | Total
    ----------------|--------|--------------
    Chip global     | 0      | 6  (0.00%)*
    Quadrant global | 0      | 12 (0.00%)

    (*) Chip globals may be assigned to Quadrant globals using the Multi-View Navigator (MVN)
        or Physical Design Constraints (PDC).
        They may also be assigned to Quadrant globals automatically during Layout.

Core Information:

    Type    | Instances    | Core tiles
    --------|--------------|-----------
    COMB    | 1            | 1
    SEQ     | 0            | 0

I/O Function:

    Type                                  | w/o register  | w/ register  | w/ DDR register
    --------------------------------------|---------------|--------------|----------------
    Input I/O                             | 3             | 0            | 0
    Output I/O                            | 1             | 0            | 0
    Bidirectional I/O                     | 0             | 0            | 0
    Differential Input I/O Pairs          | 0             | 0            | 0
    Differential Output I/O Pairs         | 0             | 0            | 0

I/O Technology:

                                    |   Voltages    |             I/Os
    --------------------------------|-------|-------|-------|--------|--------------
    I/O Standard(s)                 | Vcci  | Vref  | Input | Output | Bidirectional
    --------------------------------|-------|-------|-------|--------|--------------
    LVTTL                           | 3.30v | N/A   | 3     | 1      | 0

I/O Placement:

    Locked  :   0
    Placed  :   0
    UnPlaced:   4 ( 100.00% )

Net information report:
=======================

High fanout nets in the post compile netlist:
    Fanout  Type          Name
    --------------------------
    1       INT_NET       Net   : AO8_c
                          Driver: AO8_pad
    1       INT_NET       Net   : AI16_c
                          Driver: AI16_pad
    1       INT_NET       Net   : AI17_c
                          Driver: AI17_pad
    1       INT_NET       Net   : Y1_g_c
                          Driver: Y1_g

Nets that are candidates for clock assignment and the resulting fanout:
    Fanout  Type          Name
    --------------------------
    1       INT_NET       Net   : AO8_c
                          Driver: AO8_pad
    1       INT_NET       Net   : AI16_c
                          Driver: AI16_pad
    1       INT_NET       Net   : AI17_c
                          Driver: AI17_pad
    1       INT_NET       Net   : Y1_g_c
                          Driver: Y1_g
====================
Flash*Freeze report:
====================

The design does not use the Flash*Freeze feature.

====================

The Compile command succeeded ( 00:00:04 )
Wrote status report to file: code_1_g_compile_report.txt

The Report command succeeded ( 00:00:00 )
Wrote pin report to file: code_1_g_report_pin_byname.txt

The Report command succeeded ( 00:00:01 )
Wrote pin report to file: code_1_g_report_pin_bynumber.txt

The Report command succeeded ( 00:00:01 )
Design saved to file D:\Trainee\APK\AHWR interlock\designer\impl1\code_1_g.adb.

The Execute Script command succeeded ( 00:00:23 )
Design closed.

